Enter a command
Enter a username
Login Successful
Enter a command
Enter the amount of credit to add
Enter the username of the target account
Add credit failed. account does not exist
Enter a command
Logout Successful
Enter a command
