Enter a command
Enter a username
Login Successful
Enter a command
Enter the amount of credit to add
Add credit failed. Must be less than 1000 credits
Enter a command
Logout Successful
Enter a command
