Enter a command
Enter a username
Login Successful
Enter a command
Enter the amount of credit to add
Credit added successfully
Enter a command
Logout Successful
Enter a command
