Enter a command
Must be logged in to add credit
Enter a command
