Enter a command
Must be logged in as admin to delete an account
Enter a command
