Enter a command
Enter a username
Login Successful
Enter a command
Enter a username
Create failed. Username must be less than 16 characters
Enter a command
Logout Successful
Enter a command
