Enter a command
Enter a username
Login Successful
Enter a command
Enter a username
Enter the type of account
New account created successfully!
Enter a command
Enter a username
Account deleted successfully
Enter a command
Logout Successful
Enter a command
