Enter a command
Enter a username
Login Successful
Enter a command
Enter a username
Create account failed. User already exists
Enter a command
Logout Successful
Enter a command
