Enter a command
Enter a username
Login Successful
Enter a command
Enter a username
Account does not exist and cannot be deleted
Enter a command
Logout Successful
Enter a command
