Enter a command
Enter a username
Login Successful
Enter a command
Logout Successful
Enter a command
