Enter a command
You are already logged out
Enter a command
