Enter a command
Enter a username
Login failed, user does not exist
Enter a command
