Enter a command
Enter a username
Login Successful
Enter a command
Enter the name of the item
Enter the username of the seller
Item found. Current highest bid is $41
Enter a new bid
Bid failed. New bid must be greater than the current bid
Enter a command
Logout Successful
Enter a command
